
=== CAM_qa_01_lagoon_hero  loc=(-14.1, 100.0, 1.6) lens=20.0  clear zone x 0.68-1.00 within 1e+09 m
  # 13 cypress         ( -37.8,   4.2) h  23  d=  83.8 m  x  0.67.. 0.77  y  0.36.. 0.63  zone cover   29%   A cluster depth (QA-01-6: mass kept dens
  # 92 pine            ( -39.0,   6.0) h  20  d=  82.5 m  x  0.69.. 0.78  y  0.39.. 0.63  zone cover   29%   A cluster depth
  # 14 cypress         ( -73.7,  -1.0) h  20  d=  85.0 m  x  0.90.. 0.99  y  0.40.. 0.63  zone cover   28%   A2 at the wing's first box
  # 91 pine            ( -40.0,   8.0) h  18  d=  81.1 m  x  0.70.. 0.79  y  0.41.. 0.63  zone cover   27%   A cluster, second crown
  # 12 cypress         ( -38.0,   4.6) h  20  d=  84.5 m  x  0.68.. 0.77  y  0.40.. 0.63  zone cover   27%   A dark mass right of the dome
  # 90 pine            ( -38.0,   4.0) h  17  d=  85.6 m  x  0.69.. 0.76  y  0.43.. 0.63  zone cover   25%   A cluster core; QA-01-6: pulled west so 
  # 84 eucalyptus      ( -79.4, -23.3) h  21  d= 106.0 m  x  0.87.. 0.94  y  0.43.. 0.63  zone cover   24%   E2 screen behind the colonnade
  # 38 cypress         ( -71.2, -32.1) h  21  d= 115.7 m  x  0.80.. 0.87  y  0.44.. 0.62  zone cover   22%   E2 screen behind the colonnade
  #103 pine            ( -61.0, -29.5) h  19  d= 114.7 m  x  0.76.. 0.83  y  0.46.. 0.62  zone cover   21%   E1 screen behind the colonnade
  #141 willow          ( -40.0,  16.0) h  10  d=  75.1 m  x  0.73.. 0.79  y  0.50.. 0.63  zone cover   21%   A pale weeping willow at the water in fr
  #  0 broadleaf       ( -41.0,  13.0) h  11  d=  77.8 m  x  0.73.. 0.79  y  0.49.. 0.63  zone cover   21%   A shore broadleaf at cam02's right edge
  # 93 pine            ( -51.9, -17.9) h  17  d= 105.4 m  x  0.74.. 0.80  y  0.47.. 0.63  zone cover   20%   A2 strip along the north wing (kept belo
  # 35 cypress         ( -52.4, -34.6) h  21  d= 121.1 m  x  0.71.. 0.78  y  0.46.. 0.62  zone cover   20%   E1 screen behind the colonnade
  # 42 cypress_column  ( -58.4, -13.4) h  27  d= 100.8 m  x  0.78.. 0.84  y  0.36.. 0.63  zone cover   19%   A2 second column (user image x~1220)
  # 69 eucalyptus      ( -80.0,-111.0) h  30  d= 189.6 m  x  0.73.. 0.79  y  0.46.. 0.62  zone cover   19%   H
  #  1 broadleaf       ( -30.0,  30.0) h   8  d=  63.8 m  x  0.68.. 0.74  y  0.52.. 0.64  zone cover   18%   P peninsula bed, right of the rotunda (c
  # 70 eucalyptus      ( -70.0,-125.0) h  28  d= 205.6 m  x  0.70.. 0.75  y  0.48.. 0.62  zone cover   16%   H
  #132 redwood         ( -84.5, -19.9) h  21  d= 104.3 m  x  0.92.. 0.97  y  0.43.. 0.63  zone cover   16%   E2 screen behind the colonnade
  #124 redwood         ( -83.5,  -9.0) h  18  d=  94.3 m  x  0.95.. 1.00  y  0.44.. 0.63  zone cover   16%   E1 screen behind the colonnade
  #126 redwood         ( -77.2, -16.9) h  19  d= 102.7 m  x  0.89.. 0.93  y  0.44.. 0.63  zone cover   15%   E1 screen behind the colonnade
  # 23 cypress         ( -95.0,-100.0) h  22  d= 179.3 m  x  0.80.. 0.85  y  0.50.. 0.62  zone cover   15%   H
  #133 redwood         ( -75.6, -28.0) h  21  d= 113.6 m  x  0.85.. 0.89  y  0.44.. 0.62  zone cover   15%   E2 screen behind the colonnade
  #125 redwood         ( -79.8, -12.5) h  17  d=  98.5 m  x  0.92.. 0.96  y  0.46.. 0.63  zone cover   14%   E1 screen behind the colonnade
  #  2 broadleaf       ( -36.0,  20.0) h   7  d=  73.2 m  x  0.72.. 0.76  y  0.54.. 0.63  zone cover   14%   P peninsula bed (cam01 x 0.75-0.80)
  # 98 pine            (-105.0,-118.0) h  20  d= 196.0 m  x  0.81.. 0.85  y  0.52.. 0.62  zone cover   13%   H
  #108 redwood         ( -34.9,   0.1) h  16  d=  92.5 m  x  0.68.. 0.72  y  0.46.. 0.63  zone cover   13%   A young redwood at the north arch (ref 0
  #134 redwood         ( -53.8, -42.0) h  22  d= 130.4 m  x  0.72.. 0.76  y  0.46.. 0.62  zone cover   13%   E2 screen behind the colonnade
  #135 redwood         ( -48.4, -44.5) h  22  d= 133.6 m  x  0.70.. 0.74  y  0.46.. 0.62  zone cover   12%   E2 screen behind the colonnade
  #127 redwood         ( -57.0, -32.6) h  19  d= 121.2 m  x  0.75.. 0.79  y  0.47.. 0.62  zone cover   12%   E1 screen behind the colonnade
  # 41 cypress_column  ( -47.4, -38.9) h  22  d= 128.6 m  x  0.70.. 0.74  y  0.46.. 0.62  zone cover   12%   A2 tall column right of the rotunda (use
  #136 redwood         ( -41.4, -43.6) h  21  d= 133.8 m  x  0.67.. 0.71  y  0.47.. 0.62  zone cover    9%   E2 screen behind the colonnade
  # 24 cypress         (-245.0,-304.0) h  24  d= 359.7 m  x  0.92.. 0.94  y  0.55.. 0.61  zone cover    8%   H
  # 77 eucalyptus      ( -88.0,-308.0) h  30  d= 383.6 m  x  0.67.. 0.70  y  0.53.. 0.61  zone cover    6%   H
  # 85 eucalyptus      ( -36.6, -47.9) h  22  d= 136.0 m  x  0.64.. 0.70  y  0.46.. 0.62  zone cover    5%   E2 screen behind the colonnade
  #152 ?               (-468.0,-600.0) h  20  d= 622.8 m  x  0.98.. 0.99  y  0.58.. 0.61  zone cover    4%   
  #139 ?               (-456.0,-600.0) h  20  d= 624.5 m  x  0.96.. 0.98  y  0.58.. 0.61  zone cover    4%   
  #140 ?               (-444.0,-600.0) h  20  d= 626.2 m  x  0.95.. 0.97  y  0.58.. 0.61  zone cover    4%   
  # 10 ?               (-432.0,-600.0) h  20  d= 627.9 m  x  0.94.. 0.95  y  0.58.. 0.61  zone cover    4%   
  # 11 ?               (-420.0,-600.0) h  20  d= 629.5 m  x  0.93.. 0.94  y  0.58.. 0.61  zone cover    4%   
  #151 ?               (-480.0,-600.0) h  20  d= 621.2 m  x  0.99.. 1.00  y  0.58.. 0.61  zone cover    4%   
  #106 ?               (-492.0,-600.0) h  20  d= 619.5 m  x  1.00.. 1.01  y  0.58.. 0.61  zone cover    0%   
  #142 willow          ( -22.0,  37.0) h   7  d=  58.2 m  x  0.62.. 0.68  y  0.52.. 0.64  zone cover    0%   P low willow at the water in front of th
Blender 5.2.1 LTS (hash 9e2066aef7ef built 2026-08-25 01:35:57)

Blender quit
blender_run.sh: pid 9624 exited rc=0 after 1 s (max 300)
