/Users/dk/Projects/3d render blender 3rd attempt building/scripts/build_master.py:118: DeprecationWarning: 'Material.use_nodes' is expected to be removed in Blender 6.0
  if base is None or base.get("placeholder") or not base.use_nodes or "normal_map" not in src_obj.keys():
Info: No orphaned data-blocks to purge
Info: No orphaned data-blocks to purge
Info: No orphaned data-blocks to purge
[build_master] 434 sockets, 0 at the origin (should be 0)
[build_master] ornament instanced: {'attic_figure': 8, 'attic_panel': 8, 'capital_colonnade': 114, 'capital_inner': 8, 'capital_rotunda': 16, 'drum_band': 105, 'finial': 9, 'inner_figure': 8, 'keystone': 24, 'maiden': 48, 'rosette_ceiling': 24, 'urn': 40} skipped: {'frieze_run': 126}
[build_master] instances at the origin: 0 (should be 0) []
[build_master] materials: 40 library materials appended, 40 placeholders remapped
[common] set_lod viewport=LOD1 render=LOD0: 6484 objects, 6 collections
[light_presets] vault emitters for CYCLES: 8 lights, physical energy, no cutoff
[light_presets] shade fill for CYCLES: 3 lamps at 0.0 W/m2, hidden in render: True
[light_presets] vault emitters for EEVEE: 8 lights, x6.0 + 21 m cutoff
[light_presets] shade fill for EEVEE: 3 lamps at 55.0 W/m2, hidden in render: False
[build_master] viewport (LOD1) triangles ~11.11 M; objects 9709
Info: Saved as "master.blend"
[build_master] saved /Users/dk/Projects/3d render blender 3rd attempt building/master.blend (154 MB); assets: ['ARCH', 'ENV', 'LIGHT', 'ORN']
Blender 5.2.1 LTS (hash 9e2066aef7ef built 2026-08-25 01:35:57)

Blender quit
blender_run.sh: pid 24992 exited rc=0 after 26 s (max 1800)
00:00.325  blend            | Read blend: "/Users/dk/Projects/3d render blender 3rd attempt building/master.blend"
[light_presets] vault emitters for CYCLES: 8 lights, physical energy, no cutoff
[light_presets] shade fill for CYCLES: 3 lamps at 0.0 W/m2, hidden in render: True
[light_probes] baking with the PHYSICAL vault rig (QA-04-1): the probe volumes must hold the scene's real indirect light, not the Eevee render-time override
[light_probes] bake world WORLD_bake_lighting_only: diffuse branch of 'WORLD_golden_hour' on every ray (strength 0.800 x boost 2.50, tint (1.0, 0.65, 17.0), antisun 1.00, horizon 1.00)
[light_probes] bake {'FINISHED'} in 4.2s for ['LIGHTPROBE_rotunda', 'LIGHTPROBE_colonnade']
[light_probes]   LIGHTPROBE_rotunda: baked (grid 20x20x14)
[light_probes]   LIGHTPROBE_colonnade: baked (grid 48x20x6)
[light_presets] vault emitters for EEVEE: 8 lights, x6.0 + 21 m cutoff
[light_presets] shade fill for EEVEE: 3 lamps at 55.0 W/m2, hidden in render: False
[light_probes] restored: engine BLENDER_EEVEE, world WORLD_golden_hour, vault rig EEVEE override
Info: Saved as "master.blend"
[light_probes] saved /Users/dk/Projects/3d render blender 3rd attempt building/master.blend
Blender 5.2.1 LTS (hash 9e2066aef7ef built 2026-08-25 01:35:57)

Blender quit
Error: Not freed memory blocks: 2, total unfreed memory 0.125168 MB
blender_run.sh: pid 25005 exited rc=0 after 6 s (max 2400)
