
-- r17BEFORE_BEFORE_01c.png   (cam 01, boxes at 1920x1080)
   shaded_attic    lum  127.7  hue   35.0  sat 0.447  R-B   +68.4  p95 223.0  hue PASS[24-36] sat PASS[0-0.5] lum FAIL[103.5-126.5]
   sunlit_attic    lum  189.3  hue   36.9  sat 0.489  R-B  +111.4  p95 249.0  sat FAIL[0.53-0.62] lum PASS[178-201]
   entablature     lum  131.9  hue   38.9  sat 0.738  R-B  +127.7  p95 236.0
   columns         lum  122.1  hue   37.5  sat 0.642  R-B  +100.2  p95 238.0  brief FAIL[20-28]
   water_refl      lum  131.4  hue   41.7  sat 0.228  R-B   +32.2  p95 176.0  hue PASS[25-45]
   near_water_sky  lum  125.4  hue  207.6  sat 0.198  R-B   -27.8  p95 202.0  hue FAIL[185-200] lum PASS[79.1-131.8]
   sky_top         lum  168.0  hue  208.7  sat 0.434  R-B   -95.9  p95 224.0
   sky_left        lum  154.9  hue  208.6  sat 0.495  R-B  -105.7  p95 215.0
   south_wing      lum  100.1  hue   39.2  sat 0.310  R-B   +34.5  p95 224.0
   north_wing      lum  138.4  hue   42.3  sat 0.506  R-B   +81.8  p95 243.0
   shore_band      lum   88.8  hue   43.9  sat 0.708  R-B   +77.2  p95 215.0
   flank           lum  162.9  hue  209.6  sat 0.231  R-B   -43.2  p95 204.0  hue PASS[0-210] lum PASS[114.3-190.5]

-- r17BEFORE_BEFORE_01e.png   (cam 01, boxes at 1920x1080)
   shaded_attic    lum  122.6  hue   37.8  sat 0.584  R-B   +89.1  p95 215.0  hue FAIL[24-36] sat FAIL[0-0.5] lum PASS[103.5-126.5]
   sunlit_attic    lum  183.9  hue   36.8  sat 0.504  R-B  +112.6  p95 245.0  sat FAIL[0.53-0.62] lum PASS[178-201]
   entablature     lum  109.0  hue   38.0  sat 0.754  R-B  +109.9  p95 230.0
   columns         lum  117.8  hue   36.8  sat 0.650  R-B   +99.1  p95 234.0  brief FAIL[20-28]
   water_refl      lum  138.5  hue  220.7  sat 0.155  R-B   -24.1  p95 176.0  hue FAIL[25-45]
   near_water_sky  lum  126.7  hue  217.5  sat 0.407  R-B   -70.5  p95 189.0  hue FAIL[185-200] lum PASS[79.1-131.8]
   sky_top         lum  167.9  hue  208.7  sat 0.432  R-B   -95.4  p95 223.0
   sky_left        lum  154.8  hue  208.6  sat 0.494  R-B  -105.2  p95 215.0
   south_wing      lum   94.9  hue   44.1  sat 0.385  R-B   +40.6  p95 224.0
   north_wing      lum  126.2  hue   41.2  sat 0.505  R-B   +75.0  p95 238.0
   shore_band      lum   72.6  hue   44.0  sat 0.582  R-B   +49.9  p95 200.0
   flank           lum  157.5  hue  213.9  sat 0.293  R-B   -56.2  p95 197.0  hue FAIL[0-210] lum PASS[114.3-190.5]

-- r17BEFORE_BEFORE_02c.png   (cam 02, boxes at 1280x720)
   shade_pier      lum   58.4  hue  269.5  sat 0.318  R-B   -12.7  ratio 0.345  p95 164.0  QA FAIL[25-60] sat PASS[0-0.35]
   shade_pier_r    lum   72.7  hue  234.6  sat 0.402  R-B   -44.8  ratio 0.429  p95 218.0  QA FAIL[25-60] sat FAIL[0-0.35]
   shade_arch      lum   61.4  hue  259.9  sat 0.304  R-B   -16.8  ratio 0.362  p95 154.0  rib-field 92.9  QA FAIL[25-60] sat PASS[0-0.35]  rib_field PASS[>=15]
   shade_frieze    lum   77.9  hue  351.3  sat 0.128  R-B    +9.5  ratio 0.460  p95 151.0  QA FAIL[25-60] sat PASS[0-0.35]
   sunlit_pier     lum  169.5  hue   43.1  sat 0.346  R-B   +64.8  p95 232.0
   sky             lum  170.4  hue  210.2  sat 0.380  R-B   -82.8  p95 220.0

-- r17BEFORE_BEFORE_02e.png   (cam 02, boxes at 1280x720)
   shade_pier      lum   55.0  hue   28.2  sat 0.505  R-B   +36.0  ratio 0.333  p95 190.0  QA PASS[25-60] sat FAIL[0-0.35]
   shade_pier_r    lum   80.9  hue  304.7  sat 0.129  R-B    +0.9  ratio 0.489  p95 217.0  QA FAIL[25-60] sat PASS[0-0.35]
   shade_arch      lum   44.2  hue  289.2  sat 0.239  R-B    -2.3  ratio 0.267  p95 129.0  rib-field 73.2  QA FAIL[25-60] sat PASS[0-0.35]  rib_field PASS[>=15]
   shade_frieze    lum   71.4  hue   29.2  sat 0.270  R-B   +21.9  ratio 0.431  p95 125.0  QA PASS[25-60] sat PASS[0-0.35]
   sunlit_pier     lum  165.5  hue   45.6  sat 0.384  R-B   +70.2  p95 230.0
   sky             lum  170.2  hue  210.3  sat 0.379  R-B   -82.4  p95 220.0

-- r17BEFORE_BEFORE_03c.png   (cam 03, boxes at 1280x720)
   walk            lum   69.0  hue  249.7  sat 0.081  R-B    -5.1  ratio 0.615  p95 178.0  QA FAIL[25-60] sat PASS[0-0.35]
   shaft_flank     lum   57.3  hue   42.6  sat 0.887  R-B   +67.6  ratio 0.510  p95 219.0
   outer_row       lum    3.3  hue   27.7  sat 1.000  R-B    +6.1  ratio 0.030  p95 20.0  QA PASS[25-60]
   near_shaft      lum   11.9  hue   44.2  sat 0.659  R-B    +9.5  ratio 0.106  p95 48.0
   sunlit_rotunda  lum  112.2  hue   41.9  sat 0.536  R-B   +71.1  p95 238.0
   near_column     lum    3.3  hue   28.5  sat 1.000  R-B    +5.9  ratio 0.029  p95 20.0  ridge/floor 13.0/1.1 d 12.0  p95 FAIL[>=25]
   flute_band      lum    3.0  hue   28.1  sat 1.000  R-B    +5.5  p95 19.0  ridge/floor 14.1/0.8 d 13.3  ridge_floor PASS[>=8]
   frame           lum   42.8  hue    0.0  sat 0.000  R-B    +0.0  dark 39.9%

-- r17BEFORE_BEFORE_03e.png   (cam 03, boxes at 1280x720)
   walk            lum   75.5  hue   89.1  sat 0.142  R-B    +5.7  ratio 0.715  p95 145.0  QA FAIL[25-60] sat PASS[0-0.35]
   shaft_flank     lum   50.4  hue   45.9  sat 0.902  R-B   +58.1  ratio 0.478  p95 214.0
   outer_row       lum   18.4  hue   57.0  sat 0.945  R-B   +19.4  ratio 0.175  p95 32.0  QA PASS[25-60]
   near_shaft      lum   26.3  hue   58.8  sat 0.566  R-B   +15.7  ratio 0.249  p95 64.0
   sunlit_rotunda  lum  105.5  hue   43.7  sat 0.577  R-B   +72.0  p95 232.0
   near_column     lum   16.9  hue   56.9  sat 0.953  R-B   +18.0  ratio 0.160  p95 30.0  ridge/floor 23.8/15.0 d 8.8  p95 PASS[>=25]
   flute_band      lum   17.0  hue   56.8  sat 0.954  R-B   +18.2  p95 30.0  ridge/floor 25.6/13.8 d 11.8  ridge_floor PASS[>=8]
   frame           lum   48.2  hue    0.0  sat 0.000  R-B    +0.0  dark 4.6%

-- r17BEFORE_BEFORE_06e.png   (cam 06, boxes at 1280x720)
   roofs           lum  126.2  hue   27.3  sat 0.051  R-B    +6.6  p95 170.0  QA PASS[22-52] brief FAIL[195-230] sat PASS[0-0.35]
   plaza           lum  107.4  hue   46.4  sat 0.217  R-B   +24.6  p95 155.0  QA PASS[22-52] brief FAIL[195-230] sat PASS[0-0.35]
   trees           lum  123.2  hue   41.0  sat 0.251  R-B   +33.4  p95 165.0  QA PASS[23-53] brief FAIL[195-230] sat PASS[0-0.35]
   horizon         lum  116.5  hue   34.9  sat 0.196  R-B   +24.6  p95 208.0
