
-- r17AFTER_AFTER_01c.png   (cam 01, boxes at 1920x1080)
   shaded_attic    lum  127.8  hue   35.0  sat 0.447  R-B   +68.5  p95 223.0  hue PASS[24-36] sat PASS[0-0.5] lum FAIL[103.5-126.5]
   sunlit_attic    lum  189.3  hue   36.9  sat 0.489  R-B  +111.4  p95 249.0  sat FAIL[0.53-0.62] lum PASS[178-201]
   entablature     lum  132.6  hue   39.1  sat 0.730  R-B  +126.5  p95 236.0
   columns         lum  122.8  hue   37.7  sat 0.632  R-B   +98.8  p95 238.0  brief FAIL[20-28]
   water_refl      lum  131.6  hue   41.9  sat 0.226  R-B   +31.8  p95 176.0  hue PASS[25-45]
   near_water_sky  lum  125.4  hue  207.5  sat 0.198  R-B   -27.9  p95 202.0  hue FAIL[185-200] lum PASS[79.1-131.8]
   sky_top         lum  168.0  hue  208.7  sat 0.434  R-B   -95.9  p95 224.0
   sky_left        lum  154.9  hue  208.6  sat 0.495  R-B  -105.7  p95 215.0
   south_wing      lum  101.4  hue   39.4  sat 0.319  R-B   +36.0  p95 224.0
   north_wing      lum  139.2  hue   42.3  sat 0.508  R-B   +82.7  p95 243.0
   shore_band      lum   88.8  hue   44.0  sat 0.708  R-B   +77.2  p95 215.0
   flank           lum  163.0  hue  209.6  sat 0.230  R-B   -43.0  p95 204.0  hue PASS[0-210] lum PASS[114.3-190.5]

-- r17AFTER_AFTER_01e.png   (cam 01, boxes at 1920x1080)
   shaded_attic    lum  123.1  hue   37.6  sat 0.573  R-B   +87.5  p95 215.0  hue FAIL[24-36] sat FAIL[0-0.5] lum PASS[103.5-126.5]
   sunlit_attic    lum  184.3  hue   36.7  sat 0.498  R-B  +111.1  p95 245.0  sat FAIL[0.53-0.62] lum PASS[178-201]
   entablature     lum  109.9  hue   38.0  sat 0.739  R-B  +107.9  p95 230.0
   columns         lum  119.8  hue   36.8  sat 0.617  R-B   +94.3  p95 234.0  brief FAIL[20-28]
   water_refl      lum  139.3  hue  220.0  sat 0.155  R-B   -24.1  p95 176.0  hue FAIL[25-45]
   near_water_sky  lum  126.9  hue  217.4  sat 0.407  R-B   -70.5  p95 189.0  hue FAIL[185-200] lum PASS[79.1-131.8]
   sky_top         lum  167.9  hue  208.7  sat 0.432  R-B   -95.4  p95 223.0
   sky_left        lum  154.8  hue  208.6  sat 0.494  R-B  -105.2  p95 215.0
   south_wing      lum   95.2  hue   44.0  sat 0.380  R-B   +40.2  p95 224.0
   north_wing      lum  127.1  hue   41.1  sat 0.497  R-B   +74.1  p95 238.0
   shore_band      lum   74.4  hue   43.6  sat 0.555  R-B   +48.5  p95 202.0
   flank           lum  157.6  hue  213.9  sat 0.293  R-B   -56.2  p95 197.0  hue FAIL[0-210] lum PASS[114.3-190.5]

-- r17AFTER_AFTER_02c.png   (cam 02, boxes at 1280x720)
   shade_pier      lum   58.6  hue  269.8  sat 0.315  R-B   -12.5  ratio 0.346  p95 164.0  QA FAIL[25-60] sat PASS[0-0.35]
   shade_pier_r    lum   73.6  hue  235.3  sat 0.390  R-B   -43.6  ratio 0.435  p95 218.0  QA FAIL[25-60] sat FAIL[0-0.35]
   shade_arch      lum   62.1  hue  258.5  sat 0.305  R-B   -17.8  ratio 0.366  p95 154.0  rib-field 92.6  QA FAIL[25-60] sat PASS[0-0.35]
   shade_frieze    lum   78.3  hue  353.0  sat 0.129  R-B    +9.9  ratio 0.462  p95 151.0  QA FAIL[25-60] sat PASS[0-0.35]
   sunlit_pier     lum  169.4  hue   43.1  sat 0.346  R-B   +64.8  p95 232.0
   sky             lum  170.4  hue  210.2  sat 0.380  R-B   -82.8  p95 220.0
   soffit_l        lum  100.8  hue   36.3  sat 0.340  R-B   +38.9  ratio 0.595  p95 191.0  rib-field 111.3  QA PASS[25-60] sat PASS[0-0.35]  rib_field PASS[>=15]
   soffit_r        lum   93.3  hue   33.9  sat 0.317  R-B   +33.7  ratio 0.551  p95 193.0  rib-field 114.6  QA PASS[25-60] sat PASS[0-0.35]  rib_field PASS[>=15]

-- r17AFTER_AFTER_02e.png   (cam 02, boxes at 1280x720)
   shade_pier      lum   56.4  hue   28.8  sat 0.471  R-B   +33.6  ratio 0.336  p95 190.0  QA PASS[25-60] sat FAIL[0-0.35]
   shade_pier_r    lum   81.3  hue  303.0  sat 0.124  R-B    +0.6  ratio 0.485  p95 217.0  QA FAIL[25-60] sat PASS[0-0.35]
   shade_arch      lum   45.0  hue  283.3  sat 0.244  R-B    -3.8  ratio 0.268  p95 129.0  rib-field 73.4  QA FAIL[25-60] sat PASS[0-0.35]
   shade_frieze    lum   71.5  hue   29.5  sat 0.269  R-B   +21.8  ratio 0.426  p95 125.0  QA PASS[25-60] sat PASS[0-0.35]
   sunlit_pier     lum  167.8  hue   45.1  sat 0.353  R-B   +64.9  p95 230.0
   sky             lum  170.2  hue  210.3  sat 0.379  R-B   -82.4  p95 220.0
   soffit_l        lum  120.0  hue   38.0  sat 0.294  R-B   +39.2  ratio 0.715  p95 204.0  rib-field 126.9  QA PASS[25-60] sat PASS[0-0.35]  rib_field PASS[>=15]
   soffit_r        lum  129.9  hue   37.9  sat 0.300  R-B   +43.3  ratio 0.774  p95 208.0  rib-field 128.5  QA PASS[25-60] sat PASS[0-0.35]  rib_field PASS[>=15]

-- r17AFTER_AFTER_03c.png   (cam 03, boxes at 1280x720)
   walk            lum   81.3  hue   29.6  sat 0.124  R-B   +10.6  ratio 0.703  p95 179.0  QA PASS[25-60] sat PASS[0-0.35]
   shaft_flank     lum   80.7  hue   43.3  sat 0.914  R-B   +98.1  ratio 0.698  p95 220.0
   outer_row       lum   49.1  hue   42.0  sat 1.000  R-B   +68.8  ratio 0.425  p95 119.0  QA PASS[25-60]
   near_shaft      lum   40.4  hue   43.3  sat 0.885  R-B   +47.0  ratio 0.349  p95 120.0
   sunlit_rotunda  lum  115.6  hue   42.0  sat 0.543  R-B   +74.3  p95 238.0
   near_column     lum   51.7  hue   42.3  sat 0.998  R-B   +72.0  ratio 0.447  p95 122.0  ridge/floor 93.9/51.0 d 42.9    p95 PASS[>=25]
   flute_band      lum   51.6  hue   42.2  sat 1.000  R-B   +72.0  p95 116.0  ridge/floor 98.3/48.4 d 49.9  ridge_floor PASS[>=8]
   frame           lum   80.0  hue    0.0  sat 0.000  R-B    +0.0  dark 3.3%

-- r17AFTER_AFTER_03e.png   (cam 03, boxes at 1280x720)
   walk            lum   76.1  hue   89.5  sat 0.139  R-B    +5.5  ratio 0.712  p95 147.0  QA FAIL[25-60] sat PASS[0-0.35]
   shaft_flank     lum   51.0  hue   45.9  sat 0.900  R-B   +58.5  ratio 0.477  p95 215.0
   outer_row       lum   18.4  hue   57.0  sat 0.945  R-B   +19.4  ratio 0.173  p95 32.0  QA PASS[25-60]
   near_shaft      lum   26.3  hue   58.8  sat 0.566  R-B   +15.7  ratio 0.246  p95 64.0
   sunlit_rotunda  lum  106.9  hue   44.0  sat 0.557  R-B   +69.7  p95 232.0
   near_column     lum   16.9  hue   56.9  sat 0.953  R-B   +18.0  ratio 0.158  p95 30.0  ridge/floor 23.8/15.0 d 8.8    p95 PASS[>=25]
   flute_band      lum   17.0  hue   56.8  sat 0.954  R-B   +18.2  p95 30.0  ridge/floor 25.6/13.8 d 11.8  ridge_floor PASS[>=8]
   frame           lum   48.6  hue    0.0  sat 0.000  R-B    +0.0  dark 4.5%

-- r17AFTER_AFTER_04e.png   (cam 04, boxes at 1280x720)
   coffer_field    lum   42.3  hue   40.6  sat 0.372  R-B   +17.8  ratio 0.386  p95 91.0
   coffer_field_w  lum   73.5  hue   41.5  sat 0.350  R-B   +28.7  ratio 0.670  p95 133.0
   vault_ring      lum   56.1  hue   40.6  sat 0.340  R-B   +21.2  ratio 0.511  p95 115.0
   vault_soffit_w  lum  137.1  hue   51.1  sat 0.321  R-B   +46.7  ratio 1.249  p95 210.0
   vault_soffit_e  lum  133.1  hue   44.0  sat 0.469  R-B   +71.2  ratio 1.213  p95 207.0
   own_sky         lum  109.7  hue  203.5  sat 0.880  R-B  -170.7  ratio 1.000  p95 195.0

-- r17AFTER_AFTER_06e.png   (cam 06, boxes at 1280x720)
   roofs           lum  128.2  hue   27.7  sat 0.051  R-B    +6.7  p95 171.0  QA PASS[22-52] brief FAIL[195-230] sat PASS[0-0.35]
   plaza           lum  108.4  hue   46.3  sat 0.214  R-B   +24.4  p95 156.0  QA PASS[22-52] brief FAIL[195-230] sat PASS[0-0.35]
   trees           lum  125.3  hue   40.9  sat 0.243  R-B   +32.8  p95 166.0  QA PASS[23-53] brief FAIL[195-230] sat PASS[0-0.35]
   horizon         lum  117.7  hue   34.8  sat 0.192  R-B   +24.3  p95 209.0
