Info: No orphaned data-blocks to purge
Info: No orphaned data-blocks to purge
Info: No orphaned data-blocks to purge
[arch] building rotunda ...
[arch_lib] plate 'ARCH_rotunda_ceiling_ribs': reveal registers clamped x0.97 (widen 0.100 -> 0.097 m) to keep 20 mm between holes
[arch] rotunda done 2.6s; building site ...
[arch] site done 2.9s; building colonnades ...
[arch] colonnades done 3.7s
[arch] bevels added to 249 objects (width 0.03 m, 2 segments)
[common] set_lod viewport=LOD1 render=LOD0: 427 objects, 0 collections
[arch] stats: {
 "sockets": {
  "capital_rotunda": 16,
  "attic_figure": 8,
  "urn": 40,
  "finial": 9,
  "frieze_run": 126,
  "attic_panel": 8,
  "archivolt_run": 8,
  "keystone": 24,
  "drum_band": 1,
  "capital_inner": 8,
  "inner_figure": 8,
  "rosette_ceiling": 24,
  "capital_colonnade": 114,
  "maiden": 48
 },
 "wings": {
  "north": {
   "columns": 56,
   "clusters": 4,
   "arc_length": 99.24728552091514,
   "pylons": 2
  },
  "south": {
   "columns": 58,
   "clusters": 4,
   "arc_length": 102.2123518435804,
   "pylons": 2
  }
 },
 "tris_LOD0": 2834970,
 "tris_LOD1": 1249674,
 "tris_LOD2": 866826,
 "tris_placeholders": 75608,
 "objects": 2289,
 "build_seconds": 4.4
}
[uvproj] CAM_qa_01_lagoon_hero loc (-14.1, 100.0, 1.3) lens 20.0 shift 0.000,0.060 res 1920x1080
[uvproj] 33 objects / 31 meshes; missing: none
[uvproj] shared mesh ARCH_rotunda_dentils_LOD0: ARCH_rotunda_dentils_LOD0 / ARCH_rotunda_dentils_LOD1 matrix_world max delta 0.00e+00 OK
[uvproj] shared mesh ARCH_rotunda_modillions_LOD0: ARCH_rotunda_modillions_LOD0 / ARCH_rotunda_modillions_LOD1 matrix_world max delta 0.00e+00 OK
[uvproj] ARCH_rotunda_attic_base                  objs 1 verts    256 clamped      0 (  0.0 %) layers ['UVMap', 'UVProj'] active UVMap active_render ['UVMap'] round-trip 0.00e+00 px
[uvproj] ARCH_rotunda_attic_corner_00             objs 1 verts      8 clamped      0 (  0.0 %) layers ['UVMap', 'UVProj'] active UVMap active_render ['UVMap'] round-trip 0.00e+00 px
[uvproj] ARCH_rotunda_attic_corner_01             objs 1 verts      8 clamped      0 (  0.0 %) layers ['UVMap', 'UVProj'] active UVMap active_render ['UVMap'] round-trip 0.00e+00 px
[uvproj] ARCH_rotunda_attic_corner_07             objs 1 verts      8 clamped      0 (  0.0 %) layers ['UVMap', 'UVProj'] active UVMap active_render ['UVMap'] round-trip 0.00e+00 px
[uvproj] ARCH_rotunda_attic_corner_cap_00         objs 1 verts      8 clamped      0 (  0.0 %) layers ['UVMap', 'UVProj'] active UVMap active_render ['UVMap'] round-trip 0.00e+00 px
[uvproj] ARCH_rotunda_attic_corner_cap_01         objs 1 verts      8 clamped      0 (  0.0 %) layers ['UVMap', 'UVProj'] active UVMap active_render ['UVMap'] round-trip 0.00e+00 px
[uvproj] ARCH_rotunda_attic_corner_cap_07         objs 1 verts      8 clamped      0 (  0.0 %) layers ['UVMap', 'UVProj'] active UVMap active_render ['UVMap'] round-trip 0.00e+00 px
[uvproj] ARCH_rotunda_attic_cornice               objs 1 verts    416 clamped      0 (  0.0 %) layers ['UVMap', 'UVProj'] active UVMap active_render ['UVMap'] round-trip 0.00e+00 px
[uvproj] ARCH_rotunda_attic_frame_00              objs 1 verts     16 clamped      0 (  0.0 %) layers ['UVMap', 'UVProj'] active UVMap active_render ['UVMap'] round-trip 0.00e+00 px
[uvproj] ARCH_rotunda_attic_frame_01              objs 1 verts     16 clamped      0 (  0.0 %) layers ['UVMap', 'UVProj'] active UVMap active_render ['UVMap'] round-trip 0.00e+00 px
[uvproj] ARCH_rotunda_attic_frame_07              objs 1 verts     16 clamped      0 (  0.0 %) layers ['UVMap', 'UVProj'] active UVMap active_render ['UVMap'] round-trip 0.00e+00 px
[uvproj] ARCH_rotunda_attic_niche_00              objs 1 verts     16 clamped      0 (  0.0 %) layers ['UVMap', 'UVProj'] active UVMap active_render ['UVMap'] round-trip 0.00e+00 px
[uvproj] ARCH_rotunda_attic_niche_01              objs 1 verts     16 clamped      0 (  0.0 %) layers ['UVMap', 'UVProj'] active UVMap active_render ['UVMap'] round-trip 0.00e+00 px
[uvproj] ARCH_rotunda_attic_niche_07              objs 1 verts     16 clamped      0 (  0.0 %) layers ['UVMap', 'UVProj'] active UVMap active_render ['UVMap'] round-trip 0.00e+00 px
[uvproj] ARCH_rotunda_attic_panel_00              objs 1 verts      8 clamped      0 (  0.0 %) layers ['UVMap', 'UVProj'] active UVMap active_render ['UVMap'] round-trip 0.00e+00 px
[uvproj] ARCH_rotunda_attic_panel_01              objs 1 verts      8 clamped      0 (  0.0 %) layers ['UVMap', 'UVProj'] active UVMap active_render ['UVMap'] round-trip 0.00e+00 px
[uvproj] ARCH_rotunda_attic_panel_07              objs 1 verts      8 clamped      0 (  0.0 %) layers ['UVMap', 'UVProj'] active UVMap active_render ['UVMap'] round-trip 0.00e+00 px
[uvproj] ARCH_rotunda_attic_pilaster_00_a         objs 1 verts      8 clamped      0 (  0.0 %) layers ['UVMap', 'UVProj'] active UVMap active_render ['UVMap'] round-trip 0.00e+00 px
[uvproj] ARCH_rotunda_attic_pilaster_00_b         objs 1 verts      8 clamped      0 (  0.0 %) layers ['UVMap', 'UVProj'] active UVMap active_render ['UVMap'] round-trip 0.00e+00 px
[uvproj] ARCH_rotunda_attic_pilaster_01_a         objs 1 verts      8 clamped      0 (  0.0 %) layers ['UVMap', 'UVProj'] active UVMap active_render ['UVMap'] round-trip 0.00e+00 px
[uvproj] ARCH_rotunda_attic_pilaster_01_b         objs 1 verts      8 clamped      0 (  0.0 %) layers ['UVMap', 'UVProj'] active UVMap active_render ['UVMap'] round-trip 0.00e+00 px
[uvproj] ARCH_rotunda_attic_pilaster_07_a         objs 1 verts      8 clamped      0 (  0.0 %) layers ['UVMap', 'UVProj'] active UVMap active_render ['UVMap'] round-trip 0.00e+00 px
[uvproj] ARCH_rotunda_attic_pilaster_07_b         objs 1 verts      8 clamped      0 (  0.0 %) layers ['UVMap', 'UVProj'] active UVMap active_render ['UVMap'] round-trip 0.00e+00 px
[uvproj] ARCH_rotunda_attic_roof                  objs 1 verts    144 clamped      0 (  0.0 %) layers ['UVMap', 'UVProj'] active UVMap active_render ['UVMap'] round-trip 0.00e+00 px
[uvproj] ARCH_rotunda_dentils_LOD0                objs 2 verts   3776 clamped      0 (  0.0 %) layers ['UVMap', 'UVProj'] active UVMap active_render ['UVMap'] round-trip 0.00e+00 px
[uvproj] ARCH_rotunda_drum                        objs 1 verts    768 clamped      0 (  0.0 %) layers ['UVMap', 'UVProj'] active UVMap active_render ['UVMap'] round-trip 0.00e+00 px
[uvproj] ARCH_rotunda_drum_band                   objs 1 verts   1408 clamped      0 (  0.0 %) layers ['UVMap', 'UVProj'] active UVMap active_render ['UVMap'] round-trip 0.00e+00 px
[uvproj] ARCH_rotunda_drum_cornice                objs 1 verts   1152 clamped      0 (  0.0 %) layers ['UVMap', 'UVProj'] active UVMap active_render ['UVMap'] round-trip 0.00e+00 px
[uvproj] ARCH_rotunda_eggs_LOD0                   objs 1 verts  16128 clamped      0 (  0.0 %) layers ['UVMap', 'UVProj'] active UVMap active_render ['UVMap'] round-trip 0.00e+00 px
[uvproj] ARCH_rotunda_entablature                 objs 1 verts    896 clamped      0 (  0.0 %) layers ['UVMap', 'UVProj'] active UVMap active_render ['UVMap'] round-trip 0.00e+00 px
[uvproj] ARCH_rotunda_modillions_LOD0             objs 2 verts   1216 clamped      0 (  0.0 %) layers ['UVMap', 'UVProj'] active UVMap active_render ['UVMap'] round-trip 0.00e+00 px
[uvproj] TOTAL verts 26376 clamped 0 (0.0 %) worst round-trip 0.00e+00 px
check                                                     pred col,row        uv col,row    d px surf dist m
attic corner   (attic cornice crown, ressaut az 59.5)   1095.9,  144.8   1095.1,  144.7    0.84       0.000  ARCH_rotunda_attic_cornice  OK
cornice corona (face 00 centre, soffit lip)             959.9,  276.5    959.9,  276.5    0.00       0.000  ARCH_rotunda_entablature  OK
drum ring      (cornice ring rim, near side)            959.9,  111.4    959.9,  111.4    0.02       0.003  ARCH_rotunda_drum_cornice  OK
[uvproj] tris_LOD0: 2834970 (previous build 2834970) SAME
[uvproj] tris_LOD1: 1249674 (previous build 1249674) SAME
[uvproj] tris_LOD2: 866826 (previous build 866826) SAME
[uvproj] objects: 2289 (previous build 2289) SAME
[uvproj] done, 0 failure(s)
[uvbake] group 0: 24 objects, 24 meshes
[uvbake] group 1: 6 objects, 4 meshesBlender 5.2.1 LTS (hash 9e2066aef7ef built 2026-08-25 01:35:57)
[arch] arch_uvbake.py: 1 check(s) failed, architecture.blend NOT saved

[uvbake] group 2: 51 objects, 6 meshes
[uvbake] group 3: 3 objects, 3 meshes
[uvbake]   ARCH_rotunda_attic_base                  ring     islands    56 faces weight-1 37/224 classes {'F': 96, 'D': 32, 'U': 96}
[uvbake]   ARCH_rotunda_attic_cornice               ring     islands   104 faces weight-1 75/384 classes {'F': 208, 'D': 96, 'S': 48, 'U': 32}
[uvbake]   ARCH_rotunda_attic_roof                  ring     islands    32 faces weight-1 3/216 classes {'F': 8, 'D': 72, 'U': 72, 'B': 64}
[uvbake]   ARCH_rotunda_attic_panel_00              ring     islands     6 faces weight-1 2/8 classes {'F': 2, 'D': 1, 'S': 2, 'U': 1, 'B': 2}
[uvbake]   ARCH_rotunda_attic_frame_00              ring     islands    10 faces weight-1 8/24 classes {'F': 8, 'D': 2, 'S': 4, 'U': 2, 'B': 8}
[uvbake]   ARCH_rotunda_attic_niche_00              ring     islands     8 faces weight-1 10/24 classes {'F': 10, 'D': 2, 'U': 2, 'B': 10}
[uvbake]   ARCH_rotunda_attic_pilaster_00_a         ring     islands     4 faces weight-1 2/6 classes {'F': 2, 'D': 1, 'U': 1, 'B': 2}
[uvbake]   ARCH_rotunda_attic_pilaster_00_b         ring     islands     4 faces weight-1 2/6 classes {'F': 2, 'D': 1, 'U': 1, 'B': 2}
[uvbake]   ARCH_rotunda_attic_corner_00             ring     islands     5 faces weight-1 3/6 classes {'F': 3, 'D': 1, 'U': 1, 'B': 1}
[uvbake]   ARCH_rotunda_attic_corner_cap_00         ring     islands     5 faces weight-1 3/6 classes {'F': 3, 'D': 1, 'U': 1, 'B': 1}
[uvbake]   ARCH_rotunda_attic_panel_07              ring     islands     6 faces weight-1 2/8 classes {'F': 2, 'D': 1, 'S': 2, 'U': 1, 'B': 2}
[uvbake]   ARCH_rotunda_attic_frame_07              ring     islands    10 faces weight-1 8/24 classes {'F': 8, 'D': 2, 'S': 4, 'U': 2, 'B': 8}
[uvbake]   ARCH_rotunda_attic_niche_07              ring     islands     8 faces weight-1 5/24 classes {'F': 10, 'D': 2, 'U': 2, 'B': 10}
[uvbake]   ARCH_rotunda_attic_pilaster_07_a         ring     islands     4 faces weight-1 0/6 classes {'F': 2, 'D': 1, 'U': 1, 'B': 2}
[uvbake]   ARCH_rotunda_attic_pilaster_07_b         ring     islands     4 faces weight-1 2/6 classes {'F': 2, 'D': 1, 'U': 1, 'B': 2}
[uvbake]   ARCH_rotunda_attic_corner_07             ring     islands     5 faces weight-1 2/6 classes {'F': 3, 'D': 1, 'U': 1, 'B': 1}
[uvbake]   ARCH_rotunda_attic_corner_cap_07         ring     islands     5 faces weight-1 1/6 classes {'F': 3, 'D': 1, 'U': 1, 'B': 1}
[uvbake]   ARCH_rotunda_attic_panel_01              ring     islands     6 faces weight-1 2/8 classes {'F': 2, 'D': 1, 'S': 2, 'U': 1, 'B': 2}
[uvbake]   ARCH_rotunda_attic_frame_01              ring     islands    10 faces weight-1 8/24 classes {'F': 8, 'D': 2, 'S': 4, 'U': 2, 'B': 8}
[uvbake]   ARCH_rotunda_attic_niche_01              ring     islands     8 faces weight-1 10/24 classes {'F': 10, 'D': 2, 'U': 2, 'B': 10}
[uvbake]   ARCH_rotunda_attic_pilaster_01_a         ring     islands     4 faces weight-1 2/6 classes {'F': 2, 'D': 1, 'U': 1, 'B': 2}
[uvbake]   ARCH_rotunda_attic_pilaster_01_b         ring     islands     4 faces weight-1 2/6 classes {'F': 2, 'D': 1, 'U': 1, 'B': 2}
[uvbake]   ARCH_rotunda_attic_corner_01             ring     islands     5 faces weight-1 3/6 classes {'F': 3, 'D': 1, 'U': 1, 'B': 1}
[uvbake]   ARCH_rotunda_attic_corner_cap_01         ring     islands     5 faces weight-1 3/6 classes {'F': 3, 'D': 1, 'U': 1, 'B': 1}
[uvbake]   ARCH_rotunda_entablature                 ring     islands   184 faces weight-1 123/864 classes {'F': 336, 'D': 352, 'S': 16, 'U': 160}
[uvbake]   ARCH_rotunda_dentils_LOD0                ornament islands   944 faces weight-1 870/2832 classes {'F': 2312, 'B': 520}
[uvbake]   ARCH_rotunda_modillions_LOD0             ornament islands   304 faces weight-1 277/912 classes {'F': 744, 'B': 168}
[uvbake]   ARCH_rotunda_eggs_LOD0                   ornament islands   768 faces weight-1 3456/18432 classes {'F': 9216, 'B': 9216}
[uvbake]   ARCH_rotunda_column_00_LOD0              smart project, metres, weight 1
[uvbake]   ARCH_rotunda_colbase_00_plinth           smart project, metres, weight 1
[uvbake]   ARCH_rotunda_colbase_00_torus            smart project, metres, weight 1
[uvbake]   ARCH_rotunda_drum                        ring     islands    40 faces weight-1 96/642 classes {'F': 256, 'D': 257, 'U': 129}
[uvbake]   ARCH_rotunda_drum_band                   ring     islands    24 faces weight-1 192/1282 classes {'F': 512, 'D': 385, 'U': 385}
[uvbake]   ARCH_rotunda_drum_cornice                ring     islands    40 faces weight-1 96/1026 classes {'F': 256, 'D': 385, 'U': 385}
[uvbake]   ARCH_rotunda_archivolt_00                smart project, metres, weight 1
[uvbake]   ARCH_rotunda_impost_00_a                 smart project, metres, weight 1
[uvbake]   ARCH_rotunda_impost_00_b                 smart project, metres, weight 1
[uvbake] group 0: tris 1876 atlas fill 41.4 % overlap texels 0 (0.000 %) OK; weight-1 (faces 07/00/01 front, columns) 741 m2 at 43 texels/m (2048 quadrant of the 4096 atlas)
[uvbake] group 1: tris 39936 atlas fill 28.2 % overlap texels 0 (0.000 %) OK; weight-1 (faces 07/00/01 front, columns) 377 m2 at 50 texels/m (2048 quadrant of the 4096 atlas)
[uvbake] group 2: tris 23834 atlas fill 44.4 % overlap texels 0 (0.000 %) OK; weight-1 (faces 07/00/01 front, columns) 390 m2 at 64 texels/m (2048 quadrant of the 4096 atlas)
[uvbake] group 3: tris 448 atlas fill 12.6 % overlap texels 0 (0.000 %) OK; weight-1 (faces 07/00/01 front, columns) 29 m2 at 136 texels/m (2048 quadrant of the 4096 atlas)
[uvbake] UVBake LAYOUT DIFFERS from the committed hashes on 4 mesh(es) ['ARCH_rotunda_dentils_LOD0', 'ARCH_rotunda_eggs_LOD0', 'ARCH_rotunda_entablature', 'ARCH_rotunda_modillions_LOD0']: the projected atlases are stale (re-run the projection and pass --write-hashes)
[uvbake] done, 1 failure(s)
blender_run.sh: pid 23904 exited rc=1 after 40 s (max 900)
