[env_r9_replan] cam 01 (-14.1, 100.0, 1.3) lens 20.0 mm; gallery keep-out 4.1 m
  group species     (   X,     Y)   h   frame x span     centre   d_axis  gallery_off
  A     pine         ( -37.2, -43.1)   21   0.642-0.702    0.672    138.5    13.02
  A     redwood      ( -40.5,   9.3)   16   0.728-0.773    0.750     86.1    36.51
  A     cypress      ( -44.5, -41.4)   26   0.668-0.740    0.704    135.8    13.02
  A     pine         ( -46.5, -40.8)   22   0.680-0.746    0.713    134.9    12.97
  A     willow       ( -40.0,  16.0)    9   0.733-0.789    0.761     79.6    42.91
  A     broadleaf    ( -41.0,  13.0)    9   0.736-0.787    0.762     82.4    39.75
  A     cypress      ( -48.6, -40.2)   24   0.689-0.757    0.723    134.0    12.98
  A     pine         ( -40.0, -42.5)   21   0.653-0.715    0.684    137.5    13.02
  P     broadleaf    ( -30.0,  30.0)    8   0.683-0.739    0.711     67.1    59.56
  P     willow       ( -22.0,  37.0)    7   0.622-0.679    0.651     61.3    68.49
  P     broadleaf    ( -36.0,  20.0)    7   0.718-0.761    0.740     76.2    48.11
  P     broadleaf    (  26.0,  32.0)    7   0.247-0.292    0.270     72.9    52.89
  P     willow       (  18.0,  40.0)    7   0.269-0.324    0.296     63.9    64.01
  P     broadleaf    (  34.7,  19.8)    6   0.245-0.277    0.261     86.2    37.91
  P     willow       (   6.9,  43.4)    9   0.340-0.417    0.379     59.0    72.31
  P     willow       (  -2.6,  45.9)    8   0.423-0.500    0.461     55.2      -  
  P     willow       ( -12.0,  44.0)    9   0.517-0.598    0.557     55.7      -  
  A2    cypress_column ( -37.9, -20.5)   27   0.668-0.719    0.693    116.0     8.86
  A2    pine         ( -60.5, -30.6)   13   0.769-0.811    0.790    122.8     8.00
  A2    cypress_column ( -65.7, -28.2)   17   0.804-0.836    0.820    119.7     7.97
  A2    cypress      ( -76.6, -22.3)   16   0.863-0.917    0.890    112.4     8.00
  B     eucalyptus   ( -84.7,  15.5)   28   1.043-1.187    1.115     73.8    16.45
  B     pine         ( -90.0,  22.5)   20   1.162-1.283    1.222     66.1    17.01
  B     willow       (-100.0,  37.0)    9   1.490-1.579    1.535     50.4      -  
  B     eucalyptus   (-113.1,  15.1)   30   1.288-1.450    1.369     70.2     6.00
  B     cypress      (-118.0,   8.0)   22   1.285-1.394    1.339     76.6    14.09
  B     cypress_column (-112.0,  40.0)   24   1.721-1.837    1.779     45.7      -  
  C     cypress_column (  34.8,  20.2)   16   0.238-0.279    0.259     85.8    38.18
  C     cypress_column (  29.7,  26.2)   13   0.250-0.286    0.268     79.2    46.02
  C     broadleaf    (  31.1,  26.4)    9   0.232-0.285    0.258     79.2    45.37
  C     eucalyptus   (  62.0, -30.0)   30   0.231-0.313    0.272    139.4    18.67
  C     pine         (  62.0, -46.0)   18   0.280-0.326    0.303    155.2    32.40
  C     broadleaf    (  74.0, -38.0)   10   0.231-0.262    0.246    148.9    31.98
  D     cypress_column (  66.0,  40.0)   22   -0.093--0.024    -0.058     70.6    28.19
  D     eucalyptus   (  70.3,  35.5)   28   -0.118-0.022    -0.048     75.7    22.20
  D;    pine         (  92.2,  57.5)   18   -0.533--0.406    -0.469     56.9      -  
  D     willow       (  78.0,  50.0)    9   -0.286--0.214    -0.250     62.4    21.69
  D     eucalyptus   ( 107.5,  51.0)   30   -0.550--0.377    -0.463     65.5     5.99
  D     cypress      ( 112.0,  40.0)   22   -0.394--0.286    -0.340     77.0    13.66
  F     eucalyptus   (-110.0, 124.0)   30   -5667.536-5665.797    -0.870    -37.2      -  
  F     eucalyptus   ( -90.0, 126.0)   28   -5289.482-5288.295    -0.593    -36.3      -  
  F     eucalyptus   ( -70.0, 122.0)   32   -6044.926-6043.963    -0.482    -29.6      -  
  F     eucalyptus   ( -48.0, 127.0)   30   -5666.693-5666.641    -0.026    -31.5      -  
  F     eucalyptus   (  12.0, 128.0)   30   -5665.480-5667.853    1.186    -24.1      -  
  F     broadleaf    (  24.0, 130.0)   12   -2798.545-2801.455    1.455    -24.4      -  
  F     eucalyptus   (  34.0, 126.0)   28   -5286.892-5290.885    1.996    -19.0      -  
  F     eucalyptus   (  54.0, 124.0)   30   -5663.408-5669.925    3.258    -14.3      -  
  F     eucalyptus   (  73.0, 120.0)   30   -5659.695-5673.639    6.972     -7.6      -  
  F     eucalyptus   (  95.0, 118.0)   32   -6020.244-6068.645    24.200     -2.6      -  
  F     eucalyptus   ( 126.0, 127.0)   28   -5277.355-5300.422    11.534     -7.2      -  
  F     cypress      ( 168.0, 114.0)   22   -8.618--7.899    -8.258     11.6      -  
  F     eucalyptus   ( 158.0,  28.0)   32   -0.498--0.371    -0.435     95.3    61.05
  F     pine         ( 130.0, -20.0)   20   -0.032-0.025    -0.004    138.9    58.38
  F     eucalyptus   ( 130.0, -68.0)   28   0.116-0.173    0.145    186.5    90.58
  F     cypress      ( 110.0,  14.0)   20   -0.138--0.064    -0.101    102.5    22.91
  F     eucalyptus   ( 125.0,  74.0)   30   -1.275--1.024    -1.150     45.2      -  
  F     cypress      ( 155.0,  94.0)   24   -2.786--2.479    -2.632     29.6      -  
  F     cypress      (-130.0, 110.0)   24   -4535.248-4531.419    -1.915    -26.1      -  
  F     cypress      (-118.0,  96.0)   22   -4160.505-4150.606    -4.949    -10.5      -  
  F     cypress      (-140.0,  82.0)   22   271.188-305.019    288.104      0.2      -  
  F     eucalyptus   (-158.0, 131.0)   30   -5667.678-5665.655    -1.011    -50.8      -  
  G     willow       ( -80.0,  72.0)    9   2.453-2.696    2.574     18.5      -  
  G     broadleaf    ( -92.0,  68.0)   12   2.544-2.813    2.679     20.8      -  
  G     eucalyptus   (-108.0,  65.0)   24   2.813-3.234    3.023     21.5      -  
  G     willow       (-100.0,  72.0)    8   3.515-3.769    3.642     15.7      -  
  G     broadleaf    (-115.0,  62.0)   10   2.884-3.082    2.983     23.5      -  
  H     eucalyptus   ( -80.0,-111.0)   30   0.735-0.792    0.763    199.7    90.04
  H     cypress      ( -95.0,-100.0)   22   0.799-0.844    0.821    186.7    85.42
  H     eucalyptus   ( -70.0,-125.0)   28   0.700-0.749    0.724    215.0   100.39
  H     pine         (-105.0,-118.0)   20   0.810-0.849    0.829    203.2   105.95
  H     eucalyptus   (-268.0,-120.0)   30   1.328-1.390    1.359    182.4   211.00
  H     cypress      (-245.0,-304.0)   24   0.918-0.943    0.931    367.8   336.20
  H     eucalyptus   (-280.0, -26.0)   30   2.216-2.345    2.281     87.6      -  
  H     cypress      (-197.0,  54.0)   22   5.498-5.913    5.706     20.0      -  
  H     eucalyptus   (-216.0,  27.0)   28   3.027-3.267    3.147     44.1      -  
  H     cypress      (-255.0, 120.0)   24   -4535.284-4531.382    -1.951    -53.4      -  
  H     eucalyptus   (-259.0, -79.0)   30   1.499-1.578    1.539    143.1      -  
  H     pine         (-253.0,-174.0)   22   1.123-1.160    1.142    238.0   236.71
  H     eucalyptus   (  24.0,-295.0)   30   0.510-0.539    0.524    396.5      -  
  H     cypress      ( 170.0,-102.0)   24   0.101-0.141    0.121    225.7   142.77
  H     eucalyptus   ( 168.0, 112.0)   30   -7.385--6.548    -6.966     13.5      -  
  H     eucalyptus   ( -88.0,-308.0)   30   0.669-0.698    0.684    393.7   282.74
  H     cypress      ( -30.0,-290.0)   24   0.590-0.613    0.602    384.0   257.77

[env_r9_replan] --verify: PLAN vs the solvers, tolerance 0.2 m
[solve] frame x 0.672, +13.0 m outside the arc -> ( -37.24,  -43.07)  check x 0.672  r 130.4
  ok   solve(0.672, +13.0) -> ( -37.24, -43.07)  PLAN ( -37.20, -43.10)  d  0.05 m   A cluster core
[solve] frame x 0.684, +13.0 m outside the arc -> ( -39.98,  -42.48)  check x 0.684  r 130.4
  ok   solve(0.684, +13.0) -> ( -39.98, -42.48)  PLAN ( -40.00, -42.50)  d  0.03 m   A cluster depth
[solve] frame x 0.704, +13.0 m outside the arc -> ( -44.49,  -41.38)  check x 0.704  r 130.4
  ok   solve(0.704, +13.0) -> ( -44.49, -41.38)  PLAN ( -44.50, -41.40)  d  0.02 m   A dark mass right of the dome
[solve] frame x 0.713, +13.0 m outside the arc -> ( -46.46,  -40.84)  check x 0.713  r 130.4
  ok   solve(0.713, +13.0) -> ( -46.46, -40.84)  PLAN ( -46.50, -40.80)  d  0.05 m   A cluster second crown
[solve] frame x 0.723, +13.0 m outside the arc -> ( -48.63,  -40.21)  check x 0.723  r 130.4
  ok   solve(0.723, +13.0) -> ( -48.63, -40.21)  PLAN ( -48.60, -40.20)  d  0.03 m   A cluster depth
[solve] frame x 0.790, +8.0 m outside the arc -> ( -60.46,  -30.62)  check x 0.790  r 125.4
  ok   solve(0.790, +8.0) -> ( -60.46, -30.62)  PLAN ( -60.50, -30.60)  d  0.05 m   A2 strip pine
[solve] frame x 0.820, +8.0 m outside the arc -> ( -65.72,  -28.23)  check x 0.820  r 125.4
  ok   solve(0.820, +8.0) -> ( -65.72, -28.23)  PLAN ( -65.70, -28.20)  d  0.03 m   A2 second column
[solve] frame x 0.890, +8.0 m outside the arc -> ( -76.55,  -22.32)  check x 0.890  r 125.4
  ok   solve(0.890, +8.0) -> ( -76.55, -22.32)  PLAN ( -76.60, -22.30)  d  0.05 m   A2 first box
  ok   P10 cypress_column ( -26.5,  32.6) h  20 w1.4 crown  4.0 reaches r  38.0 (ring 37)   [A p10 NE mass, front column on the rotun]
  ok   P10 cypress_column ( -33.2,  24.6) h  19 w1.8 crown  3.8 reaches r  37.5 (ring 37)   [A p10 NE mass, second column behind the ]
[env_r9_replan] --verify: 0 failure(s)
Blender 5.2.1 LTS (hash 9e2066aef7ef built 2026-08-25 01:35:57)

Blender quit
blender_run.sh: pid 11263 exited rc=0 after 0 s (max 300)
