00:00.404  blend            | Read blend: "/Users/dk/Projects/3d render blender 3rd attempt building/master_delivery.blend"
00:04.954  blend            | Read blend: "/Users/dk/Projects/3d render blender 3rd attempt building/master_delivery.blend"
[phase5_cleanup] opened master_delivery.blend in 1.44s (166 MB, 9808 objects, scene 'PalaceOfFineArts')
[phase5_cleanup] no linked libraries (master.blend is built by APPEND; build_master.py --link would add them)
Info: Deleted 22 data-block(s)
Info: No orphaned data-blocks to purge
[phase5_cleanup] purged 22 orphan data-blocks in 2 passes (12780 -> 12758 total)
    images                      117 ->     95  (-22)
[phase5_cleanup] packed 93 images, 118.3 MB of texture data
[common] set_lod viewport=LOD1 render=LOD0: 6568 objects, 6 collections
[light_presets] vault emitters for EEVEE: 2 lights, x6.0 + 21 m cutoff
[light_presets] gallery fill for EEVEE: 16 strips at 0 W, hidden in render: True
[phase5_cleanup] apply_viewport_eevee: engine=BLENDER_EEVEE taa=8 light_threshold=0.009999999776482582 raytracing=False
[phase5_cleanup] 7 camera stations unchanged
Info: Saved as "master_delivery.blend"
[phase5_cleanup] saved /Users/dk/Projects/3d render blender 3rd attempt building/master_delivery.blend (284.2 MB; was 166.4 MB)
[phase5_cleanup] re-open of master_delivery.blend: 1.04s (PASS, limit 60s) -- 9808 objects, engine BLENDER_EEVEE
[phase5_cleanup] wrote renders/logs/phase5_cleanup.json
[phase5_cleanup] reopen_s=1.04 size_mb=284.2 purged=22 packed_count=93 packed_bytes=118335219 objects=9808 libraries=0 peak_rss_mb=2020
Blender 5.2.1 LTS (hash 9e2066aef7ef built 2026-08-25 01:35:57)

Blender quit
blender_run.sh: pid 31717 exited rc=0 after 6 s (max 600)
